2026-08-11 05:52:44.995: [INFO] CurrentProfilePath: D:\antigravity\backend\.metadata\.plugins\org.eclipse.swt\EBWebView\Default
2026-08-11 05:52:44.995: [INFO] Profiles total count: 1
2026-08-11 05:52:44.995: [INFO] Profile: name=Profile 1 path=D:\antigravity\backend\.metadata\.plugins\org.eclipse.swt\EBWebView\Default lastActive=null
2026-08-11 05:52:44.995: [INFO] LastUsedProfileDir: D:\antigravity\backend\.metadata\.plugins\org.eclipse.swt\EBWebView\Default
2026-08-11 05:52:44.995: [INFO] OnDoneLoading sync enabled: 0
2026-08-11 05:52:44.995: [INFO] BookmarkModelLoaded, ids_reassigned: 0
2026-08-11 05:52:44.995: [INFO] BookmarksLoadDropped droppedNodes=0
2026-08-11 05:52:44.995: [INFO] BookmarksSnapshot Startup total=0 bar=0 other=0 mobile=0 showBar=0 showBarNTP=1
2026-08-11 05:53:53.746: [INFO] BookmarksSnapshot Shutdown total=0 bar=0 other=0 mobile=0 showBar=0 showBarNTP=1
2026-08-11 05:57:52.352: [INFO] CurrentProfilePath: D:\antigravity\backend\.metadata\.plugins\org.eclipse.swt\EBWebView\Default
2026-08-11 05:57:52.352: [INFO] Profiles total count: 1
2026-08-11 05:57:52.352: [INFO] Profile: name=Profile 1 path=D:\antigravity\backend\.metadata\.plugins\org.eclipse.swt\EBWebView\Default lastActive=null
2026-08-11 05:57:52.352: [INFO] LastUsedProfileDir: D:\antigravity\backend\.metadata\.plugins\org.eclipse.swt\EBWebView\Default
2026-08-11 05:57:52.352: [INFO] OnDoneLoading sync enabled: 0
2026-08-11 05:57:52.352: [INFO] BookmarkModelLoaded, ids_reassigned: 0
2026-08-11 05:57:52.352: [INFO] BookmarksLoadDropped droppedNodes=0
2026-08-11 05:57:52.352: [INFO] BookmarksSnapshot Startup total=0 bar=0 other=0 mobile=0 showBar=0 showBarNTP=1
2026-08-11 10:04:58.394: [INFO] BookmarksSnapshot Shutdown total=0 bar=0 other=0 mobile=0 showBar=0 showBarNTP=1
2026-08-11 10:20:07.263: [INFO] CurrentProfilePath: D:\antigravity\backend\.metadata\.plugins\org.eclipse.swt\EBWebView\Default
2026-08-11 10:20:07.263: [INFO] Profiles total count: 1
2026-08-11 10:20:07.263: [INFO] Profile: name=Profile 1 path=D:\antigravity\backend\.metadata\.plugins\org.eclipse.swt\EBWebView\Default lastActive=2026-08-11T06:17:47.216Z
2026-08-11 10:20:07.263: [INFO] LastUsedProfileDir: D:\antigravity\backend\.metadata\.plugins\org.eclipse.swt\EBWebView\Default
2026-08-11 10:20:07.263: [INFO] MostRecentlyActiveProfile: name=Profile 1 path=D:\antigravity\backend\.metadata\.plugins\org.eclipse.swt\EBWebView\Default lastActive=2026-08-11T06:17:47.216Z
2026-08-11 10:20:07.263: [INFO] OnDoneLoading sync enabled: 0
2026-08-11 10:20:07.263: [INFO] BookmarkModelLoaded, ids_reassigned: 0
2026-08-11 10:20:07.263: [INFO] BookmarksLoadDropped droppedNodes=0
2026-08-11 10:20:07.263: [INFO] BookmarksSnapshot Startup total=0 bar=0 other=0 mobile=0 showBar=0 showBarNTP=1
2026-08-11 10:20:20.265: [INFO] BookmarksSnapshot Shutdown total=0 bar=0 other=0 mobile=0 showBar=0 showBarNTP=1
2026-08-11 10:20:20.375: [INFO] CurrentProfilePath: D:\antigravity\backend\.metadata\.plugins\org.eclipse.swt\EBWebView\Default
2026-08-11 10:20:20.375: [INFO] Profiles total count: 1
2026-08-11 10:20:20.375: [INFO] Profile: name=Profile 1 path=D:\antigravity\backend\.metadata\.plugins\org.eclipse.swt\EBWebView\Default lastActive=2026-08-11T06:17:47.216Z
2026-08-11 10:20:20.375: [INFO] LastUsedProfileDir: D:\antigravity\backend\.metadata\.plugins\org.eclipse.swt\EBWebView\Default
2026-08-11 10:20:20.375: [INFO] MostRecentlyActiveProfile: name=Profile 1 path=D:\antigravity\backend\.metadata\.plugins\org.eclipse.swt\EBWebView\Default lastActive=2026-08-11T06:17:47.216Z
2026-08-11 10:20:20.375: [INFO] OnDoneLoading sync enabled: 0
2026-08-11 10:20:20.375: [INFO] BookmarkModelLoaded, ids_reassigned: 0
2026-08-11 10:20:20.375: [INFO] BookmarksLoadDropped droppedNodes=0
2026-08-11 10:20:20.375: [INFO] BookmarksSnapshot Startup total=0 bar=0 other=0 mobile=0 showBar=0 showBarNTP=1
2026-08-11 10:20:30.341: [INFO] BookmarksSnapshot Shutdown total=0 bar=0 other=0 mobile=0 showBar=0 showBarNTP=1
2026-08-11 10:20:30.439: [INFO] CurrentProfilePath: D:\antigravity\backend\.metadata\.plugins\org.eclipse.swt\EBWebView\Default
2026-08-11 10:20:30.439: [INFO] Profiles total count: 1
2026-08-11 10:20:30.439: [INFO] Profile: name=Profile 1 path=D:\antigravity\backend\.metadata\.plugins\org.eclipse.swt\EBWebView\Default lastActive=2026-08-11T06:17:47.216Z
2026-08-11 10:20:30.439: [INFO] LastUsedProfileDir: D:\antigravity\backend\.metadata\.plugins\org.eclipse.swt\EBWebView\Default
2026-08-11 10:20:30.440: [INFO] MostRecentlyActiveProfile: name=Profile 1 path=D:\antigravity\backend\.metadata\.plugins\org.eclipse.swt\EBWebView\Default lastActive=2026-08-11T06:17:47.216Z
2026-08-11 10:20:30.440: [INFO] OnDoneLoading sync enabled: 0
2026-08-11 10:20:30.440: [INFO] BookmarkModelLoaded, ids_reassigned: 0
2026-08-11 10:20:30.440: [INFO] BookmarksLoadDropped droppedNodes=0
2026-08-11 10:20:30.440: [INFO] BookmarksSnapshot Startup total=0 bar=0 other=0 mobile=0 showBar=0 showBarNTP=1
2026-08-11 10:20:42.520: [INFO] BookmarksSnapshot Shutdown total=0 bar=0 other=0 mobile=0 showBar=0 showBarNTP=1
2026-08-11 10:20:42.632: [INFO] CurrentProfilePath: D:\antigravity\backend\.metadata\.plugins\org.eclipse.swt\EBWebView\Default
2026-08-11 10:20:42.632: [INFO] Profiles total count: 1
2026-08-11 10:20:42.633: [INFO] Profile: name=Profile 1 path=D:\antigravity\backend\.metadata\.plugins\org.eclipse.swt\EBWebView\Default lastActive=2026-08-11T06:17:47.216Z
2026-08-11 10:20:42.633: [INFO] LastUsedProfileDir: D:\antigravity\backend\.metadata\.plugins\org.eclipse.swt\EBWebView\Default
2026-08-11 10:20:42.633: [INFO] MostRecentlyActiveProfile: name=Profile 1 path=D:\antigravity\backend\.metadata\.plugins\org.eclipse.swt\EBWebView\Default lastActive=2026-08-11T06:17:47.216Z
2026-08-11 10:20:42.633: [INFO] OnDoneLoading sync enabled: 0
2026-08-11 10:20:42.633: [INFO] BookmarkModelLoaded, ids_reassigned: 0
2026-08-11 10:20:42.633: [INFO] BookmarksLoadDropped droppedNodes=0
2026-08-11 10:20:42.633: [INFO] BookmarksSnapshot Startup total=0 bar=0 other=0 mobile=0 showBar=0 showBarNTP=1
2026-08-11 10:21:26.656: [INFO] BookmarksSnapshot Shutdown total=0 bar=0 other=0 mobile=0 showBar=0 showBarNTP=1
2026-08-11 10:21:26.760: [INFO] CurrentProfilePath: D:\antigravity\backend\.metadata\.plugins\org.eclipse.swt\EBWebView\Default
2026-08-11 10:21:26.760: [INFO] Profiles total count: 1
2026-08-11 10:21:26.761: [INFO] Profile: name=Profile 1 path=D:\antigravity\backend\.metadata\.plugins\org.eclipse.swt\EBWebView\Default lastActive=2026-08-11T06:17:47.216Z
2026-08-11 10:21:26.761: [INFO] LastUsedProfileDir: D:\antigravity\backend\.metadata\.plugins\org.eclipse.swt\EBWebView\Default
2026-08-11 10:21:26.761: [INFO] MostRecentlyActiveProfile: name=Profile 1 path=D:\antigravity\backend\.metadata\.plugins\org.eclipse.swt\EBWebView\Default lastActive=2026-08-11T06:17:47.216Z
2026-08-11 10:21:26.761: [INFO] OnDoneLoading sync enabled: 0
2026-08-11 10:21:26.761: [INFO] BookmarkModelLoaded, ids_reassigned: 0
2026-08-11 10:21:26.761: [INFO] BookmarksLoadDropped droppedNodes=0
2026-08-11 10:21:26.761: [INFO] BookmarksSnapshot Startup total=0 bar=0 other=0 mobile=0 showBar=0 showBarNTP=1
2026-08-11 10:40:42.360: [INFO] BookmarksSnapshot Shutdown total=0 bar=0 other=0 mobile=0 showBar=0 showBarNTP=1
2026-08-11 14:44:06.195: [INFO] CurrentProfilePath: D:\antigravity\backend\.metadata\.plugins\org.eclipse.swt\EBWebView\Default
2026-08-11 14:44:06.195: [INFO] Profiles total count: 1
2026-08-11 14:44:06.195: [INFO] Profile: name=Profile 1 path=D:\antigravity\backend\.metadata\.plugins\org.eclipse.swt\EBWebView\Default lastActive=2026-08-11T06:17:47.216Z
2026-08-11 14:44:06.195: [INFO] LastUsedProfileDir: D:\antigravity\backend\.metadata\.plugins\org.eclipse.swt\EBWebView\Default
2026-08-11 14:44:06.196: [INFO] MostRecentlyActiveProfile: name=Profile 1 path=D:\antigravity\backend\.metadata\.plugins\org.eclipse.swt\EBWebView\Default lastActive=2026-08-11T06:17:47.216Z
2026-08-11 14:44:06.196: [INFO] OnDoneLoading sync enabled: 0
2026-08-11 14:44:06.196: [INFO] BookmarkModelLoaded, ids_reassigned: 0
2026-08-11 14:44:06.196: [INFO] BookmarksLoadDropped droppedNodes=0
2026-08-11 14:44:06.196: [INFO] BookmarksSnapshot Startup total=0 bar=0 other=0 mobile=0 showBar=0 showBarNTP=1
2026-08-11 16:01:15.940: [INFO] BookmarksSnapshot Shutdown total=0 bar=0 other=0 mobile=0 showBar=0 showBarNTP=1
2026-08-11 16:41:38.665: [INFO] CurrentProfilePath: D:\antigravity\backend\.metadata\.plugins\org.eclipse.swt\EBWebView\Default
2026-08-11 16:41:38.665: [INFO] Profiles total count: 1
2026-08-11 16:41:38.665: [INFO] Profile: name=Profile 1 path=D:\antigravity\backend\.metadata\.plugins\org.eclipse.swt\EBWebView\Default lastActive=2026-08-11T06:17:47.216Z
2026-08-11 16:41:38.665: [INFO] LastUsedProfileDir: D:\antigravity\backend\.metadata\.plugins\org.eclipse.swt\EBWebView\Default
2026-08-11 16:41:38.665: [INFO] MostRecentlyActiveProfile: name=Profile 1 path=D:\antigravity\backend\.metadata\.plugins\org.eclipse.swt\EBWebView\Default lastActive=2026-08-11T06:17:47.216Z
2026-08-11 16:41:38.665: [INFO] OnDoneLoading sync enabled: 0
2026-08-11 16:41:38.665: [INFO] BookmarkModelLoaded, ids_reassigned: 0
2026-08-11 16:41:38.665: [INFO] BookmarksLoadDropped droppedNodes=0
2026-08-11 16:41:38.665: [INFO] BookmarksSnapshot Startup total=0 bar=0 other=0 mobile=0 showBar=0 showBarNTP=1
2026-08-11 18:59:42.911: [INFO] BookmarksSnapshot Shutdown total=0 bar=0 other=0 mobile=0 showBar=0 showBarNTP=1
2026-08-12 04:09:27.684: [INFO] CurrentProfilePath: D:\antigravity\backend\.metadata\.plugins\org.eclipse.swt\EBWebView\Default
2026-08-12 04:09:27.684: [INFO] Profiles total count: 1
2026-08-12 04:09:27.686: [INFO] Profile: name=Profile 1 path=D:\antigravity\backend\.metadata\.plugins\org.eclipse.swt\EBWebView\Default lastActive=2026-08-11T06:17:47.216Z
2026-08-12 04:09:27.686: [INFO] LastUsedProfileDir: D:\antigravity\backend\.metadata\.plugins\org.eclipse.swt\EBWebView\Default
2026-08-12 04:09:27.686: [INFO] MostRecentlyActiveProfile: name=Profile 1 path=D:\antigravity\backend\.metadata\.plugins\org.eclipse.swt\EBWebView\Default lastActive=2026-08-11T06:17:47.216Z
2026-08-12 04:09:27.686: [INFO] OnDoneLoading sync enabled: 0
2026-08-12 04:09:27.686: [INFO] BookmarkModelLoaded, ids_reassigned: 0
2026-08-12 04:09:27.686: [INFO] BookmarksLoadDropped droppedNodes=0
2026-08-12 04:09:27.686: [INFO] BookmarksSnapshot Startup total=0 bar=0 other=0 mobile=0 showBar=0 showBarNTP=1
2026-08-12 12:33:05.202: [INFO] BookmarksSnapshot Shutdown total=0 bar=0 other=0 mobile=0 showBar=0 showBarNTP=1
2026-08-12 14:52:32.354: [INFO] CurrentProfilePath: D:\antigravity\backend\.metadata\.plugins\org.eclipse.swt\EBWebView\Default
2026-08-12 14:52:32.354: [INFO] Profiles total count: 1
2026-08-12 14:52:32.356: [INFO] Profile: name=Profile 1 path=D:\antigravity\backend\.metadata\.plugins\org.eclipse.swt\EBWebView\Default lastActive=2026-08-11T06:17:47.216Z
2026-08-12 14:52:32.356: [INFO] LastUsedProfileDir: D:\antigravity\backend\.metadata\.plugins\org.eclipse.swt\EBWebView\Default
2026-08-12 14:52:32.357: [INFO] MostRecentlyActiveProfile: name=Profile 1 path=D:\antigravity\backend\.metadata\.plugins\org.eclipse.swt\EBWebView\Default lastActive=2026-08-11T06:17:47.216Z
2026-08-12 14:52:32.357: [INFO] OnDoneLoading sync enabled: 0
2026-08-12 14:52:32.357: [INFO] BookmarkModelLoaded, ids_reassigned: 0
2026-08-12 14:52:32.357: [INFO] BookmarksLoadDropped droppedNodes=0
2026-08-12 14:52:32.357: [INFO] BookmarksSnapshot Startup total=0 bar=0 other=0 mobile=0 showBar=0 showBarNTP=1
2026-08-12 14:52:42.938: [INFO] BookmarksSnapshot Shutdown total=0 bar=0 other=0 mobile=0 showBar=0 showBarNTP=1
2026-08-12 14:53:39.584: [INFO] CurrentProfilePath: D:\antigravity\backend\.metadata\.plugins\org.eclipse.swt\EBWebView\Default
2026-08-12 14:53:39.585: [INFO] Profiles total count: 1
2026-08-12 14:53:39.585: [INFO] Profile: name=Profile 1 path=D:\antigravity\backend\.metadata\.plugins\org.eclipse.swt\EBWebView\Default lastActive=2026-08-11T06:17:47.216Z
2026-08-12 14:53:39.585: [INFO] LastUsedProfileDir: D:\antigravity\backend\.metadata\.plugins\org.eclipse.swt\EBWebView\Default
2026-08-12 14:53:39.585: [INFO] MostRecentlyActiveProfile: name=Profile 1 path=D:\antigravity\backend\.metadata\.plugins\org.eclipse.swt\EBWebView\Default lastActive=2026-08-11T06:17:47.216Z
2026-08-12 14:53:39.585: [INFO] OnDoneLoading sync enabled: 0
2026-08-12 14:53:39.585: [INFO] BookmarkModelLoaded, ids_reassigned: 0
2026-08-12 14:53:39.585: [INFO] BookmarksLoadDropped droppedNodes=0
2026-08-12 14:53:39.585: [INFO] BookmarksSnapshot Startup total=0 bar=0 other=0 mobile=0 showBar=0 showBarNTP=1
2026-08-12 19:13:39.235: [INFO] BookmarksSnapshot Shutdown total=0 bar=0 other=0 mobile=0 showBar=0 showBarNTP=1
2026-08-13 04:49:31.753: [INFO] CurrentProfilePath: D:\antigravity\backend\.metadata\.plugins\org.eclipse.swt\EBWebView\Default
2026-08-13 04:49:31.753: [INFO] Profiles total count: 1
2026-08-13 04:49:31.753: [INFO] Profile: name=Profile 1 path=D:\antigravity\backend\.metadata\.plugins\org.eclipse.swt\EBWebView\Default lastActive=2026-08-11T06:17:47.216Z
2026-08-13 04:49:31.753: [INFO] LastUsedProfileDir: D:\antigravity\backend\.metadata\.plugins\org.eclipse.swt\EBWebView\Default
2026-08-13 04:49:31.753: [INFO] MostRecentlyActiveProfile: name=Profile 1 path=D:\antigravity\backend\.metadata\.plugins\org.eclipse.swt\EBWebView\Default lastActive=2026-08-11T06:17:47.216Z
2026-08-13 04:49:31.753: [INFO] OnDoneLoading sync enabled: 0
2026-08-13 04:49:31.753: [INFO] BookmarkModelLoaded, ids_reassigned: 0
2026-08-13 04:49:31.753: [INFO] BookmarksLoadDropped droppedNodes=0
2026-08-13 04:49:31.753: [INFO] BookmarksSnapshot Startup total=0 bar=0 other=0 mobile=0 showBar=0 showBarNTP=1
2026-08-13 10:50:13.427: [INFO] BookmarksSnapshot Shutdown total=0 bar=0 other=0 mobile=0 showBar=0 showBarNTP=1
2026-08-13 15:52:46.144: [INFO] CurrentProfilePath: D:\antigravity\backend\.metadata\.plugins\org.eclipse.swt\EBWebView\Default
2026-08-13 15:52:46.144: [INFO] Profiles total count: 1
2026-08-13 15:52:46.144: [INFO] Profile: name=Profile 1 path=D:\antigravity\backend\.metadata\.plugins\org.eclipse.swt\EBWebView\Default lastActive=2026-08-11T06:17:47.216Z
2026-08-13 15:52:46.144: [INFO] LastUsedProfileDir: D:\antigravity\backend\.metadata\.plugins\org.eclipse.swt\EBWebView\Default
2026-08-13 15:52:46.145: [INFO] MostRecentlyActiveProfile: name=Profile 1 path=D:\antigravity\backend\.metadata\.plugins\org.eclipse.swt\EBWebView\Default lastActive=2026-08-11T06:17:47.216Z
2026-08-13 15:52:46.145: [INFO] OnDoneLoading sync enabled: 0
2026-08-13 15:52:46.145: [INFO] BookmarkModelLoaded, ids_reassigned: 0
2026-08-13 15:52:46.145: [INFO] BookmarksLoadDropped droppedNodes=0
2026-08-13 15:52:46.145: [INFO] BookmarksSnapshot Startup total=0 bar=0 other=0 mobile=0 showBar=0 showBarNTP=1
2026-08-13 18:45:25.334: [INFO] BookmarksSnapshot Shutdown total=0 bar=0 other=0 mobile=0 showBar=0 showBarNTP=1
